﻿  Determinando os projetos a serem restaurados...
  Todos os projetos est├úo atualizados para restaura├º├úo.
C:\Program Files\dotnet\sdk\10.0.100-rc.2.25502.107\Sdks\Microsoft.NET.Sdk\targets\Microsoft.NET.RuntimeIdentifierInference.targets(351,5): message NETSDK1057: Voc├¬ est├í usando uma vers├úo de visualiza├º├úo do .NET. Veja: https://aka.ms/dotnet-support-policy [C:\Users\bruno.dias\Documents\bruno\MONOLITO\bcommerce-monolito\src\Modules\Cart\Bcommerce.Modules.Cart.Domain\Bcommerce.Modules.Cart.Domain.csproj]
C:\Program Files\dotnet\sdk\10.0.100-rc.2.25502.107\Sdks\Microsoft.NET.Sdk\targets\Microsoft.NET.RuntimeIdentifierInference.targets(351,5): message NETSDK1057: Voc├¬ est├í usando uma vers├úo de visualiza├º├úo do .NET. Veja: https://aka.ms/dotnet-support-policy [C:\Users\bruno.dias\Documents\bruno\MONOLITO\bcommerce-monolito\src\BuildingBlocks\Bcommerce.BuildingBlocks.Application\Bcommerce.BuildingBlocks.Application.csproj]
  Bcommerce.BuildingBlocks.Domain -> C:\Users\bruno.dias\Documents\bruno\MONOLITO\bcommerce-monolito\src\BuildingBlocks\Bcommerce.BuildingBlocks.Domain\bin\Debug\net10.0\Bcommerce.BuildingBlocks.Domain.dll
  Bcommerce.BuildingBlocks.Application -> C:\Users\bruno.dias\Documents\bruno\MONOLITO\bcommerce-monolito\src\BuildingBlocks\Bcommerce.BuildingBlocks.Application\bin\Debug\net10.0\Bcommerce.BuildingBlocks.Application.dll
C:\Users\bruno.dias\Documents\bruno\MONOLITO\bcommerce-monolito\src\Modules\Cart\Bcommerce.Modules.Cart.Domain\Entities\SavedCart.cs(13,13): warning CS8618: O propriedade n├úo anul├ível 'Name' precisa conter um valor n├úo nulo ao sair do construtor. Considere adicionar o modificador "obrigat├│rio" ou declarar o propriedade como anul├ível. [C:\Users\bruno.dias\Documents\bruno\MONOLITO\bcommerce-monolito\src\Modules\Cart\Bcommerce.Modules.Cart.Domain\Bcommerce.Modules.Cart.Domain.csproj]
C:\Users\bruno.dias\Documents\bruno\MONOLITO\bcommerce-monolito\src\Modules\Cart\Bcommerce.Modules.Cart.Domain\Entities\CartItem.cs(13,13): warning CS8618: O propriedade n├úo anul├ível 'Product' precisa conter um valor n├úo nulo ao sair do construtor. Considere adicionar o modificador "obrigat├│rio" ou declarar o propriedade como anul├ível. [C:\Users\bruno.dias\Documents\bruno\MONOLITO\bcommerce-monolito\src\Modules\Cart\Bcommerce.Modules.Cart.Domain\Bcommerce.Modules.Cart.Domain.csproj]
C:\Users\bruno.dias\Documents\bruno\MONOLITO\bcommerce-monolito\src\Modules\Cart\Bcommerce.Modules.Cart.Domain\Entities\ShoppingCart.cs(31,14): error CS1061: ÔÇÿShoppingCartÔÇÖ n├úo cont├®m uma defini├º├úo para "RegisterDomainEvent" e n├úo foi poss├¡vel encontrar nenhum m├®todo de extens├úo "RegisterDomainEvent" que aceite um primeiro argumento do tipo ÔÇÿShoppingCartÔÇÖ (voc├¬ est├í se esquecendo de usar uma diretiva ou uma refer├¬ncia de assembly?) [C:\Users\bruno.dias\Documents\bruno\MONOLITO\bcommerce-monolito\src\Modules\Cart\Bcommerce.Modules.Cart.Domain\Bcommerce.Modules.Cart.Domain.csproj]
C:\Users\bruno.dias\Documents\bruno\MONOLITO\bcommerce-monolito\src\Modules\Cart\Bcommerce.Modules.Cart.Domain\Entities\ShoppingCart.cs(45,14): error CS1061: ÔÇÿShoppingCartÔÇÖ n├úo cont├®m uma defini├º├úo para "RegisterDomainEvent" e n├úo foi poss├¡vel encontrar nenhum m├®todo de extens├úo "RegisterDomainEvent" que aceite um primeiro argumento do tipo ÔÇÿShoppingCartÔÇÖ (voc├¬ est├í se esquecendo de usar uma diretiva ou uma refer├¬ncia de assembly?) [C:\Users\bruno.dias\Documents\bruno\MONOLITO\bcommerce-monolito\src\Modules\Cart\Bcommerce.Modules.Cart.Domain\Bcommerce.Modules.Cart.Domain.csproj]
C:\Users\bruno.dias\Documents\bruno\MONOLITO\bcommerce-monolito\src\Modules\Cart\Bcommerce.Modules.Cart.Domain\Entities\ShoppingCart.cs(57,13): warning CS8604: Poss├¡vel argumento de refer├¬ncia nula para o par├ómetro 'left' em 'bool Entity<Guid>.operator !=(Entity<Guid> left, Entity<Guid> right)'. [C:\Users\bruno.dias\Documents\bruno\MONOLITO\bcommerce-monolito\src\Modules\Cart\Bcommerce.Modules.Cart.Domain\Bcommerce.Modules.Cart.Domain.csproj]
C:\Users\bruno.dias\Documents\bruno\MONOLITO\bcommerce-monolito\src\Modules\Cart\Bcommerce.Modules.Cart.Domain\Entities\ShoppingCart.cs(57,29): warning CS8625: N├úo ├® poss├¡vel converter um literal nulo em um tipo de refer├¬ncia n├úo anul├ível. [C:\Users\bruno.dias\Documents\bruno\MONOLITO\bcommerce-monolito\src\Modules\Cart\Bcommerce.Modules.Cart.Domain\Bcommerce.Modules.Cart.Domain.csproj]
C:\Users\bruno.dias\Documents\bruno\MONOLITO\bcommerce-monolito\src\Modules\Cart\Bcommerce.Modules.Cart.Domain\Entities\ShoppingCart.cs(74,13): warning CS8604: Poss├¡vel argumento de refer├¬ncia nula para o par├ómetro 'left' em 'bool Entity<Guid>.operator ==(Entity<Guid> left, Entity<Guid> right)'. [C:\Users\bruno.dias\Documents\bruno\MONOLITO\bcommerce-monolito\src\Modules\Cart\Bcommerce.Modules.Cart.Domain\Bcommerce.Modules.Cart.Domain.csproj]
C:\Users\bruno.dias\Documents\bruno\MONOLITO\bcommerce-monolito\src\Modules\Cart\Bcommerce.Modules.Cart.Domain\Entities\ShoppingCart.cs(74,21): warning CS8625: N├úo ├® poss├¡vel converter um literal nulo em um tipo de refer├¬ncia n├úo anul├ível. [C:\Users\bruno.dias\Documents\bruno\MONOLITO\bcommerce-monolito\src\Modules\Cart\Bcommerce.Modules.Cart.Domain\Bcommerce.Modules.Cart.Domain.csproj]
C:\Users\bruno.dias\Documents\bruno\MONOLITO\bcommerce-monolito\src\Modules\Cart\Bcommerce.Modules.Cart.Domain\Entities\ShoppingCart.cs(84,13): warning CS8604: Poss├¡vel argumento de refer├¬ncia nula para o par├ómetro 'left' em 'bool Entity<Guid>.operator ==(Entity<Guid> left, Entity<Guid> right)'. [C:\Users\bruno.dias\Documents\bruno\MONOLITO\bcommerce-monolito\src\Modules\Cart\Bcommerce.Modules.Cart.Domain\Bcommerce.Modules.Cart.Domain.csproj]
C:\Users\bruno.dias\Documents\bruno\MONOLITO\bcommerce-monolito\src\Modules\Cart\Bcommerce.Modules.Cart.Domain\Entities\ShoppingCart.cs(84,21): warning CS8625: N├úo ├® poss├¡vel converter um literal nulo em um tipo de refer├¬ncia n├úo anul├ível. [C:\Users\bruno.dias\Documents\bruno\MONOLITO\bcommerce-monolito\src\Modules\Cart\Bcommerce.Modules.Cart.Domain\Bcommerce.Modules.Cart.Domain.csproj]

FALHA da compila├º├úo.

C:\Users\bruno.dias\Documents\bruno\MONOLITO\bcommerce-monolito\src\Modules\Cart\Bcommerce.Modules.Cart.Domain\Entities\SavedCart.cs(13,13): warning CS8618: O propriedade n├úo anul├ível 'Name' precisa conter um valor n├úo nulo ao sair do construtor. Considere adicionar o modificador "obrigat├│rio" ou declarar o propriedade como anul├ível. [C:\Users\bruno.dias\Documents\bruno\MONOLITO\bcommerce-monolito\src\Modules\Cart\Bcommerce.Modules.Cart.Domain\Bcommerce.Modules.Cart.Domain.csproj]
C:\Users\bruno.dias\Documents\bruno\MONOLITO\bcommerce-monolito\src\Modules\Cart\Bcommerce.Modules.Cart.Domain\Entities\CartItem.cs(13,13): warning CS8618: O propriedade n├úo anul├ível 'Product' precisa conter um valor n├úo nulo ao sair do construtor. Considere adicionar o modificador "obrigat├│rio" ou declarar o propriedade como anul├ível. [C:\Users\bruno.dias\Documents\bruno\MONOLITO\bcommerce-monolito\src\Modules\Cart\Bcommerce.Modules.Cart.Domain\Bcommerce.Modules.Cart.Domain.csproj]
C:\Users\bruno.dias\Documents\bruno\MONOLITO\bcommerce-monolito\src\Modules\Cart\Bcommerce.Modules.Cart.Domain\Entities\ShoppingCart.cs(57,13): warning CS8604: Poss├¡vel argumento de refer├¬ncia nula para o par├ómetro 'left' em 'bool Entity<Guid>.operator !=(Entity<Guid> left, Entity<Guid> right)'. [C:\Users\bruno.dias\Documents\bruno\MONOLITO\bcommerce-monolito\src\Modules\Cart\Bcommerce.Modules.Cart.Domain\Bcommerce.Modules.Cart.Domain.csproj]
C:\Users\bruno.dias\Documents\bruno\MONOLITO\bcommerce-monolito\src\Modules\Cart\Bcommerce.Modules.Cart.Domain\Entities\ShoppingCart.cs(57,29): warning CS8625: N├úo ├® poss├¡vel converter um literal nulo em um tipo de refer├¬ncia n├úo anul├ível. [C:\Users\bruno.dias\Documents\bruno\MONOLITO\bcommerce-monolito\src\Modules\Cart\Bcommerce.Modules.Cart.Domain\Bcommerce.Modules.Cart.Domain.csproj]
C:\Users\bruno.dias\Documents\bruno\MONOLITO\bcommerce-monolito\src\Modules\Cart\Bcommerce.Modules.Cart.Domain\Entities\ShoppingCart.cs(74,13): warning CS8604: Poss├¡vel argumento de refer├¬ncia nula para o par├ómetro 'left' em 'bool Entity<Guid>.operator ==(Entity<Guid> left, Entity<Guid> right)'. [C:\Users\bruno.dias\Documents\bruno\MONOLITO\bcommerce-monolito\src\Modules\Cart\Bcommerce.Modules.Cart.Domain\Bcommerce.Modules.Cart.Domain.csproj]
C:\Users\bruno.dias\Documents\bruno\MONOLITO\bcommerce-monolito\src\Modules\Cart\Bcommerce.Modules.Cart.Domain\Entities\ShoppingCart.cs(74,21): warning CS8625: N├úo ├® poss├¡vel converter um literal nulo em um tipo de refer├¬ncia n├úo anul├ível. [C:\Users\bruno.dias\Documents\bruno\MONOLITO\bcommerce-monolito\src\Modules\Cart\Bcommerce.Modules.Cart.Domain\Bcommerce.Modules.Cart.Domain.csproj]
C:\Users\bruno.dias\Documents\bruno\MONOLITO\bcommerce-monolito\src\Modules\Cart\Bcommerce.Modules.Cart.Domain\Entities\ShoppingCart.cs(84,13): warning CS8604: Poss├¡vel argumento de refer├¬ncia nula para o par├ómetro 'left' em 'bool Entity<Guid>.operator ==(Entity<Guid> left, Entity<Guid> right)'. [C:\Users\bruno.dias\Documents\bruno\MONOLITO\bcommerce-monolito\src\Modules\Cart\Bcommerce.Modules.Cart.Domain\Bcommerce.Modules.Cart.Domain.csproj]
C:\Users\bruno.dias\Documents\bruno\MONOLITO\bcommerce-monolito\src\Modules\Cart\Bcommerce.Modules.Cart.Domain\Entities\ShoppingCart.cs(84,21): warning CS8625: N├úo ├® poss├¡vel converter um literal nulo em um tipo de refer├¬ncia n├úo anul├ível. [C:\Users\bruno.dias\Documents\bruno\MONOLITO\bcommerce-monolito\src\Modules\Cart\Bcommerce.Modules.Cart.Domain\Bcommerce.Modules.Cart.Domain.csproj]
C:\Users\bruno.dias\Documents\bruno\MONOLITO\bcommerce-monolito\src\Modules\Cart\Bcommerce.Modules.Cart.Domain\Entities\ShoppingCart.cs(31,14): error CS1061: ÔÇÿShoppingCartÔÇÖ n├úo cont├®m uma defini├º├úo para "RegisterDomainEvent" e n├úo foi poss├¡vel encontrar nenhum m├®todo de extens├úo "RegisterDomainEvent" que aceite um primeiro argumento do tipo ÔÇÿShoppingCartÔÇÖ (voc├¬ est├í se esquecendo de usar uma diretiva ou uma refer├¬ncia de assembly?) [C:\Users\bruno.dias\Documents\bruno\MONOLITO\bcommerce-monolito\src\Modules\Cart\Bcommerce.Modules.Cart.Domain\Bcommerce.Modules.Cart.Domain.csproj]
C:\Users\bruno.dias\Documents\bruno\MONOLITO\bcommerce-monolito\src\Modules\Cart\Bcommerce.Modules.Cart.Domain\Entities\ShoppingCart.cs(45,14): error CS1061: ÔÇÿShoppingCartÔÇÖ n├úo cont├®m uma defini├º├úo para "RegisterDomainEvent" e n├úo foi poss├¡vel encontrar nenhum m├®todo de extens├úo "RegisterDomainEvent" que aceite um primeiro argumento do tipo ÔÇÿShoppingCartÔÇÖ (voc├¬ est├í se esquecendo de usar uma diretiva ou uma refer├¬ncia de assembly?) [C:\Users\bruno.dias\Documents\bruno\MONOLITO\bcommerce-monolito\src\Modules\Cart\Bcommerce.Modules.Cart.Domain\Bcommerce.Modules.Cart.Domain.csproj]
    8 Aviso(s)
    2 Erro(s)

Tempo Decorrido 00:00:01.63
